src/components/data-table/ProductTable.tsx(6,3): error TS6133: 'CircularProgress' is declared but its value is never read.
src/components/data-table/ProductTable.tsx(16,1): error TS6133: 'Skeleton' is declared but its value is never read.
src/components/Footer.tsx(15,3): error TS6133: 'FaTwitter' is declared but its value is never read.
src/components/Footer.tsx(16,3): error TS6133: 'FaInstagram' is declared but its value is never read.
src/components/Navbar.tsx(107,31): error TS6133: 'theme' is declared but its value is never read.
src/components/ProductCard.tsx(16,3): error TS6133: 'FaShoppingCart' is declared but its value is never read.
src/components/skeleton/TableSkeleton.tsx(2,3): error TS6133: 'Box' is declared but its value is never read.
src/pages/carts/Carts.tsx(1,23): error TS6133: 'Divider' is declared but its value is never read.
src/pages/dashboard/MyOrders.tsx(14,3): error TS6133: 'Skeleton' is declared but its value is never read.
src/pages/dashboard/Orders.tsx(16,3): error TS6133: 'Skeleton' is declared but its value is never read.
src/pages/dashboard/Users.tsx(6,3): error TS6133: 'CircularProgress' is declared but its value is never read.
src/pages/dashboard/Users.tsx(16,1): error TS6133: 'Skeleton' is declared but its value is never read.
src/pages/home/ProductList.tsx(7,3): error TS6133: 'Stack' is declared but its value is never read.
src/pages/home/WhyChooseUs.tsx(8,3): error TS6133: 'alpha' is declared but its value is never read.
src/pages/product/Checkout.tsx(4,3): error TS6133: 'Divider' is declared but its value is never read.
src/pages/product/ProductDetails.tsx(23,3): error TS6133: 'FaCheckCircle' is declared but its value is never read.
src/pages/product/SingleCheckout.tsx(12,3): error TS6133: 'IconButton' is declared but its value is never read.
src/pages/product/SingleCheckout.tsx(30,40): error TS6133: 'FaArrowLeft' is declared but its value is never read.
